// Jest Snapshot v1, https://goo.gl/fbAQLP

exports[`Storyshots Dropdown basic 1`] = `
<div>
  AAA
</div>
`;
